class PLACEHOLDER_02 {
    static <PLACEHOLDER_01> List<PLACEHOLDER_01> PLACEHOLDER_03(
            List<PLACEHOLDER_01> PLACEHOLDER_04,
            Function<PLACEHOLDER_01, PLACEHOLDER_01> PLACEHOLDER_05) {
        List<PLACEHOLDER_01> PLACEHOLDER_06 = new ArrayList<>();
        for (PLACEHOLDER_01 PLACEHOLDER_07 : PLACEHOLDER_04) {
            PLACEHOLDER_06.add(PLACEHOLDER_05.apply(PLACEHOLDER_07));
        }
        return PLACEHOLDER_06;
    }
}
