class PLACEHOLDER_01 {
    String PLACEHOLDER_02() {
        return "Hello, World!";
    }
}
