class PLACEHOLDER_01 {
    List<String> PLACEHOLDER_02(List<String> PLACEHOLDER_03) {
        return PLACEHOLDER_03.stream()
                .filter(PLACEHOLDER_04 -> !PLACEHOLDER_04.isEmpty())
                .collect(Collectors.toList());
    }
}
