record PLACEHOLDER_01(String PLACEHOLDER_02) {
    void PLACEHOLDER_03(int PLACEHOLDER_04) {}
}
